2026-05-17 10:39:59,421 ERROR [django.request] Internal Server Error: /admin-portal/security/users/2/privacy-consent/reset/
Traceback (most recent call last):
  File "C:\Users\Lenovo\AppData\Local\Python\pythoncore-3.14-64\Lib\site-packages\django\core\handlers\exception.py", line 55, in inner
    response = get_response(request)
  File "C:\Users\Lenovo\AppData\Local\Python\pythoncore-3.14-64\Lib\site-packages\django\core\handlers\base.py", line 197, in _get_response
    response = wrapped_callback(request, *callback_args, **callback_kwargs)
  File "D:\teachermateplus\apps\core\decorators.py", line 52, in _wrapped
    return view_func(request, *args, **kwargs)
  File "D:\teachermateplus\apps\core\decorators.py", line 27, in _wrapped
    return view_func(request, *args, **kwargs)
  File "D:\teachermateplus\apps\admin_portal\views.py", line 5622, in user_privacy_consent_reset_view
    return render(
        request,
    ...<6 lines>...
        },
    )
  File "C:\Users\Lenovo\AppData\Local\Python\pythoncore-3.14-64\Lib\site-packages\django\shortcuts.py", line 25, in render
    content = loader.render_to_string(template_name, context, request, using=using)
  File "C:\Users\Lenovo\AppData\Local\Python\pythoncore-3.14-64\Lib\site-packages\django\template\loader.py", line 61, in render_to_string
    template = get_template(template_name, using=using)
  File "C:\Users\Lenovo\AppData\Local\Python\pythoncore-3.14-64\Lib\site-packages\django\template\loader.py", line 19, in get_template
    raise TemplateDoesNotExist(template_name, chain=chain)
django.template.exceptions.TemplateDoesNotExist: admin_portal/security/privacy_consent_reset.html
2026-05-24 18:51:50,225 ERROR [django.request] Internal Server Error: /faculty/my-courses/1/periods/1/submit/
Traceback (most recent call last):
  File "C:\Users\Lenovo\AppData\Local\Python\pythoncore-3.14-64\Lib\site-packages\django\core\handlers\exception.py", line 55, in inner
    response = get_response(request)
  File "C:\Users\Lenovo\AppData\Local\Python\pythoncore-3.14-64\Lib\site-packages\django\core\handlers\base.py", line 197, in _get_response
    response = wrapped_callback(request, *callback_args, **callback_kwargs)
  File "D:\teachermateplus\apps\core\decorators.py", line 52, in _wrapped
    return view_func(request, *args, **kwargs)
  File "D:\teachermateplus\apps\core\decorators.py", line 27, in _wrapped
    return view_func(request, *args, **kwargs)
  File "D:\teachermateplus\apps\faculty_portal\views.py", line 5316, in period_submit_view
    submission = GradingGovernanceService.submit_period(
        user=request.user,
    ...<2 lines>...
        remarks=request.POST.get("remarks"),
    )
  File "C:\Users\Lenovo\AppData\Local\Python\pythoncore-3.14-64\Lib\contextlib.py", line 85, in inner
    return func(*args, **kwds)
  File "D:\teachermateplus\apps\grading\services.py", line 3159, in submit_period
    if can_resubmit_auto_locked_reopen:
       ^^^^^^^^^^^^^^^^^^^^^^^^^^^^^^^
NameError: name 'can_resubmit_auto_locked_reopen' is not defined
2026-05-31 23:22:47,815 ERROR [django.request] Internal Server Error: /admin-portal/grading/templates/calculator/
Traceback (most recent call last):
  File "C:\Users\Lenovo\AppData\Local\Python\pythoncore-3.14-64\Lib\site-packages\django\core\handlers\exception.py", line 55, in inner
    response = get_response(request)
  File "C:\Users\Lenovo\AppData\Local\Python\pythoncore-3.14-64\Lib\site-packages\django\core\handlers\base.py", line 197, in _get_response
    response = wrapped_callback(request, *callback_args, **callback_kwargs)
  File "D:\teachermateplus\apps\core\decorators.py", line 52, in _wrapped
    return view_func(request, *args, **kwargs)
  File "D:\teachermateplus\apps\core\decorators.py", line 27, in _wrapped
    return view_func(request, *args, **kwargs)
  File "D:\teachermateplus\apps\admin_portal\views.py", line 9409, in grading_template_calculator_view
    calculation = GradingTemplateTestingCalculatorService.build_calculation(
        template=selected_template,
        raw_inputs=request.POST if request.method == "POST" else None,
        default_sample=Decimal(form.cleaned_data["sample_value"]),
    )
  File "D:\teachermateplus\apps\grading\services.py", line 773, in build_calculation
    sub_score = cls.aggregate_detail_scores(subcomponent=subcomponent, detail_scores=detail_scores)
                ^^^^^^^^^^^^^^^^^^^^^^^^^^^
AttributeError: type object 'GradingTemplateTestingCalculatorService' has no attribute 'aggregate_detail_scores'
2026-06-10 20:13:00,055 ERROR [django.request] Internal Server Error: /admin-portal/forgot-password/
Traceback (most recent call last):
  File "C:\Users\Lenovo\AppData\Local\Python\pythoncore-3.14-64\Lib\site-packages\django\core\handlers\exception.py", line 55, in inner
    response = get_response(request)
  File "C:\Users\Lenovo\AppData\Local\Python\pythoncore-3.14-64\Lib\site-packages\django\core\handlers\base.py", line 197, in _get_response
    response = wrapped_callback(request, *callback_args, **callback_kwargs)
  File "C:\Users\Lenovo\AppData\Local\Python\pythoncore-3.14-64\Lib\site-packages\django\views\generic\base.py", line 105, in view
    return self.dispatch(request, *args, **kwargs)
           ~~~~~~~~~~~~~^^^^^^^^^^^^^^^^^^^^^^^^^^
  File "C:\Users\Lenovo\AppData\Local\Python\pythoncore-3.14-64\Lib\site-packages\django\utils\decorators.py", line 48, in _wrapper
    return bound_method(*args, **kwargs)
  File "C:\Users\Lenovo\AppData\Local\Python\pythoncore-3.14-64\Lib\site-packages\django\utils\decorators.py", line 192, in _view_wrapper
    result = _process_exception(request, e)
  File "C:\Users\Lenovo\AppData\Local\Python\pythoncore-3.14-64\Lib\site-packages\django\utils\decorators.py", line 190, in _view_wrapper
    response = view_func(request, *args, **kwargs)
  File "C:\Users\Lenovo\AppData\Local\Python\pythoncore-3.14-64\Lib\site-packages\django\views\generic\base.py", line 144, in dispatch
    return handler(request, *args, **kwargs)
  File "C:\Users\Lenovo\AppData\Local\Python\pythoncore-3.14-64\Lib\site-packages\django\views\generic\edit.py", line 151, in post
    return self.form_valid(form)
           ~~~~~~~~~~~~~~~^^^^^^
  File "D:\teachermateplus\apps\accounts\views.py", line 402, in form_valid
    reset_result = AdminPasswordResetOtpService.create_and_send(request=self.request, user=user)
  File "D:\teachermateplus\apps\accounts\services.py", line 622, in create_and_send
    sent_count = cls._send_email(request=request, user=user, challenge=challenge, code=code)
  File "D:\teachermateplus\apps\accounts\services.py", line 677, in _send_email
    return message.send(fail_silently=False)
           ~~~~~~~~~~~~^^^^^^^^^^^^^^^^^^^^^
  File "C:\Users\Lenovo\AppData\Local\Python\pythoncore-3.14-64\Lib\unittest\mock.py", line 1175, in __call__
    return self._mock_call(*args, **kwargs)
           ~~~~~~~~~~~~~~~^^^^^^^^^^^^^^^^^
  File "C:\Users\Lenovo\AppData\Local\Python\pythoncore-3.14-64\Lib\unittest\mock.py", line 1179, in _mock_call
    return self._execute_mock_call(*args, **kwargs)
           ~~~~~~~~~~~~~~~~~~~~~~~^^^^^^^^^^^^^^^^^
  File "C:\Users\Lenovo\AppData\Local\Python\pythoncore-3.14-64\Lib\unittest\mock.py", line 1234, in _execute_mock_call
    raise effect
RuntimeError: SMTP rejected message
2026-06-10 20:13:03,378 ERROR [django.request] Internal Server Error: /admin-portal/forgot-password/
Traceback (most recent call last):
  File "C:\Users\Lenovo\AppData\Local\Python\pythoncore-3.14-64\Lib\site-packages\django\core\handlers\exception.py", line 55, in inner
    response = get_response(request)
  File "C:\Users\Lenovo\AppData\Local\Python\pythoncore-3.14-64\Lib\site-packages\django\core\handlers\base.py", line 197, in _get_response
    response = wrapped_callback(request, *callback_args, **callback_kwargs)
  File "C:\Users\Lenovo\AppData\Local\Python\pythoncore-3.14-64\Lib\site-packages\django\views\generic\base.py", line 105, in view
    return self.dispatch(request, *args, **kwargs)
           ~~~~~~~~~~~~~^^^^^^^^^^^^^^^^^^^^^^^^^^
  File "C:\Users\Lenovo\AppData\Local\Python\pythoncore-3.14-64\Lib\site-packages\django\utils\decorators.py", line 48, in _wrapper
    return bound_method(*args, **kwargs)
  File "C:\Users\Lenovo\AppData\Local\Python\pythoncore-3.14-64\Lib\site-packages\django\utils\decorators.py", line 192, in _view_wrapper
    result = _process_exception(request, e)
  File "C:\Users\Lenovo\AppData\Local\Python\pythoncore-3.14-64\Lib\site-packages\django\utils\decorators.py", line 190, in _view_wrapper
    response = view_func(request, *args, **kwargs)
  File "C:\Users\Lenovo\AppData\Local\Python\pythoncore-3.14-64\Lib\site-packages\django\views\generic\base.py", line 144, in dispatch
    return handler(request, *args, **kwargs)
  File "C:\Users\Lenovo\AppData\Local\Python\pythoncore-3.14-64\Lib\site-packages\django\views\generic\edit.py", line 151, in post
    return self.form_valid(form)
           ~~~~~~~~~~~~~~~^^^^^^
  File "D:\teachermateplus\apps\accounts\views.py", line 402, in form_valid
    reset_result = AdminPasswordResetOtpService.create_and_send(request=self.request, user=user)
  File "D:\teachermateplus\apps\accounts\services.py", line 636, in create_and_send
    "delivery_error_type": type(delivery_error).__name__ if delivery_error else None,
                                                            ^^^^^^^^^^^^^^
NameError: name 'delivery_error' is not defined
2026-06-10 20:13:06,556 ERROR [django.request] Internal Server Error: /admin-portal/forgot-password/
Traceback (most recent call last):
  File "C:\Users\Lenovo\AppData\Local\Python\pythoncore-3.14-64\Lib\site-packages\django\core\handlers\exception.py", line 55, in inner
    response = get_response(request)
  File "C:\Users\Lenovo\AppData\Local\Python\pythoncore-3.14-64\Lib\site-packages\django\core\handlers\base.py", line 197, in _get_response
    response = wrapped_callback(request, *callback_args, **callback_kwargs)
  File "C:\Users\Lenovo\AppData\Local\Python\pythoncore-3.14-64\Lib\site-packages\django\views\generic\base.py", line 105, in view
    return self.dispatch(request, *args, **kwargs)
           ~~~~~~~~~~~~~^^^^^^^^^^^^^^^^^^^^^^^^^^
  File "C:\Users\Lenovo\AppData\Local\Python\pythoncore-3.14-64\Lib\site-packages\django\utils\decorators.py", line 48, in _wrapper
    return bound_method(*args, **kwargs)
  File "C:\Users\Lenovo\AppData\Local\Python\pythoncore-3.14-64\Lib\site-packages\django\utils\decorators.py", line 192, in _view_wrapper
    result = _process_exception(request, e)
  File "C:\Users\Lenovo\AppData\Local\Python\pythoncore-3.14-64\Lib\site-packages\django\utils\decorators.py", line 190, in _view_wrapper
    response = view_func(request, *args, **kwargs)
  File "C:\Users\Lenovo\AppData\Local\Python\pythoncore-3.14-64\Lib\site-packages\django\views\generic\base.py", line 144, in dispatch
    return handler(request, *args, **kwargs)
  File "C:\Users\Lenovo\AppData\Local\Python\pythoncore-3.14-64\Lib\site-packages\django\views\generic\edit.py", line 151, in post
    return self.form_valid(form)
           ~~~~~~~~~~~~~~~^^^^^^
  File "D:\teachermateplus\apps\accounts\views.py", line 402, in form_valid
    reset_result = AdminPasswordResetOtpService.create_and_send(request=self.request, user=user)
  File "D:\teachermateplus\apps\accounts\services.py", line 636, in create_and_send
    "delivery_error_type": type(delivery_error).__name__ if delivery_error else None,
                                                            ^^^^^^^^^^^^^^
NameError: name 'delivery_error' is not defined
2026-06-10 20:13:09,810 ERROR [django.request] Internal Server Error: /admin-portal/forgot-password/
Traceback (most recent call last):
  File "C:\Users\Lenovo\AppData\Local\Python\pythoncore-3.14-64\Lib\site-packages\django\core\handlers\exception.py", line 55, in inner
    response = get_response(request)
  File "C:\Users\Lenovo\AppData\Local\Python\pythoncore-3.14-64\Lib\site-packages\django\core\handlers\base.py", line 197, in _get_response
    response = wrapped_callback(request, *callback_args, **callback_kwargs)
  File "C:\Users\Lenovo\AppData\Local\Python\pythoncore-3.14-64\Lib\site-packages\django\views\generic\base.py", line 105, in view
    return self.dispatch(request, *args, **kwargs)
           ~~~~~~~~~~~~~^^^^^^^^^^^^^^^^^^^^^^^^^^
  File "C:\Users\Lenovo\AppData\Local\Python\pythoncore-3.14-64\Lib\site-packages\django\utils\decorators.py", line 48, in _wrapper
    return bound_method(*args, **kwargs)
  File "C:\Users\Lenovo\AppData\Local\Python\pythoncore-3.14-64\Lib\site-packages\django\utils\decorators.py", line 192, in _view_wrapper
    result = _process_exception(request, e)
  File "C:\Users\Lenovo\AppData\Local\Python\pythoncore-3.14-64\Lib\site-packages\django\utils\decorators.py", line 190, in _view_wrapper
    response = view_func(request, *args, **kwargs)
  File "C:\Users\Lenovo\AppData\Local\Python\pythoncore-3.14-64\Lib\site-packages\django\views\generic\base.py", line 144, in dispatch
    return handler(request, *args, **kwargs)
  File "C:\Users\Lenovo\AppData\Local\Python\pythoncore-3.14-64\Lib\site-packages\django\views\generic\edit.py", line 151, in post
    return self.form_valid(form)
           ~~~~~~~~~~~~~~~^^^^^^
  File "D:\teachermateplus\apps\accounts\views.py", line 402, in form_valid
    reset_result = AdminPasswordResetOtpService.create_and_send(request=self.request, user=user)
  File "D:\teachermateplus\apps\accounts\services.py", line 636, in create_and_send
    "delivery_error_type": type(delivery_error).__name__ if delivery_error else None,
                                                            ^^^^^^^^^^^^^^
NameError: name 'delivery_error' is not defined
